   1               		.file	"signal.c"
   2               	__SP_H__ = 0x3e
   3               	__SP_L__ = 0x3d
   4               	__SREG__ = 0x3f
   5               	__tmp_reg__ = 0
   6               	__zero_reg__ = 1
   7               		.text
   8               	.Ltext0:
   9               		.cfi_sections	.debug_frame
  10               	.global	signal_init
  12               	signal_init:
  13               	.LFB2:
  14               		.file 1 "signal.c"
   1:signal.c      **** #include "signal.h"
   2:signal.c      **** 
   3:signal.c      **** 
   4:signal.c      **** 
   5:signal.c      **** void signal_init(void)
   6:signal.c      **** {
  15               		.loc 1 6 0
  16               		.cfi_startproc
  17               	/* prologue: function */
  18               	/* frame size = 0 */
  19               	/* stack size = 0 */
  20               	.L__stack_usage = 0
   7:signal.c      **** 	// COM1A0 & COM1A1: Ausgangspin PB1 bei Vergleichswert setzen, bei Überlauf löschen
   8:signal.c      **** 	// COM1B0 & COM1B1: Ausgangspins PB2 bei Vergleichswert setzen, bei Überlauf löschen
   9:signal.c      **** 	// WGM11 & WGM12 & WGM13: FastPWM-Modus
  10:signal.c      **** //	TCCR1A = (1<<COM1A1) | (1<<COM1A0) | (1<<WGM11);
  11:signal.c      **** 	TCCR1A = (1<<COM1B1) | (1<<WGM11);
  21               		.loc 1 11 0
  22 0000 82E2      		ldi r24,lo8(34)
  23 0002 8FBD      		out 0x2f,r24
  12:signal.c      ****     TCCR1B = (1<<WGM12) | (1<<WGM13); // Timer wird noch nicht gestartet!
  24               		.loc 1 12 0
  25 0004 88E1      		ldi r24,lo8(24)
  26 0006 8EBD      		out 0x2e,r24
  13:signal.c      ****     
  14:signal.c      ****     // Vergleichswert für PB1
  15:signal.c      ****     //OCR1A = 100;
  16:signal.c      ****     // Vergleichswert für PB2
  17:signal.c      ****     OCR1B = 100;
  27               		.loc 1 17 0
  28 0008 84E6      		ldi r24,lo8(100)
  29 000a 90E0      		ldi r25,0
  30 000c 99BD      		out 0x28+1,r25
  31 000e 88BD      		out 0x28,r24
  18:signal.c      ****     
  19:signal.c      ****     // Überlaufwert
  20:signal.c      ****     ICR1 = 200;
  32               		.loc 1 20 0
  33 0010 88EC      		ldi r24,lo8(-56)
  34 0012 90E0      		ldi r25,0
  35 0014 97BD      		out 0x26+1,r25
  36 0016 86BD      		out 0x26,r24
  21:signal.c      ****     
  22:signal.c      ****     // PB2 als Ausgang konfigurieren
  23:signal.c      ****     DDRB |= (1<<PB2);
  37               		.loc 1 23 0
  38 0018 BA9A      		sbi 0x17,2
  39 001a 0895      		ret
  40               		.cfi_endproc
  41               	.LFE2:
  43               	.Letext0:
  44               		.file 2 "/usr/avr/include/stdint.h"
DEFINED SYMBOLS
                            *ABS*:0000000000000000 signal.c
     /tmp/ccjM5EyP.s:2      *ABS*:000000000000003e __SP_H__
     /tmp/ccjM5EyP.s:3      *ABS*:000000000000003d __SP_L__
     /tmp/ccjM5EyP.s:4      *ABS*:000000000000003f __SREG__
     /tmp/ccjM5EyP.s:5      *ABS*:0000000000000000 __tmp_reg__
     /tmp/ccjM5EyP.s:6      *ABS*:0000000000000001 __zero_reg__
     /tmp/ccjM5EyP.s:12     .text:0000000000000000 signal_init

NO UNDEFINED SYMBOLS
